idle-check (code 9abbc76): 2026-10-05T12:56:08Z
 14:56:08 up 1 day, 23:11,  1 user,  load average: 0.09, 0.63, 0.68
0 %, 13828 MiB, 6.58 W, 44
    Finished `release` profile [optimized] target(s) in 0.05s
     Running tests/dist_compile_bench.rs (target/release/deps/dist_compile_bench-a09b6b0a15ac0850)

running 1 test

### FP64

| circuit | D | chosen | exch N/L/C | T_pred naive (s) | T_pred lookahead (s) | T_pred compiled (s) | compiled / min(N,L) | compiled / L | model/measured (C) | compile (ms) | measured all N/L/C (s) |
|---|---|---|---|---|---|---|---|---|---|---|---|
| QFT | 2 | naive+place | 2/2/1 | 1.471 | 1.467 | 1.299 | 0.886 | 0.886 | 1.062 | 1.1 | 2.342/2.335/2.299 |
| QFT | 4 | naive+place | 3/2/2 | 0.811 | 0.959 | 0.718 | 0.885 | 0.749 | 1.048 | 1.5 | 2.345/2.356/2.273 |
| GHZ | 2 | naive | 1/1/1 | 0.612 | 0.614 | 0.612 | 1.000 | 0.997 | 0.993 | 0.1 | 0.925/0.928/0.925 |
| GHZ | 4 | naive | 2/1/2 | 0.372 | 0.407 | 0.372 | 1.000 | 0.916 | 0.998 | 0.1 | 0.890/0.887/0.890 |
test compile_bench_n28 has been running for over 60 seconds
| random d=10 | 2 | reorder k=1 | 20/10/1 | 7.593 | 5.084 | 2.912 | 0.573 | 0.573 | 1.037 | 1.1 | 9.188/7.169/5.524 |
| random d=10 | 4 | reorder k=1 | 44/11/2 | 6.409 | 4.098 | 1.544 | 0.377 | 0.377 | 1.029 | 1.6 | 12.438/8.248/5.575 |
| QAOA p=2 | 2 | reorder k=1 | 9/5/2 | 3.001 | 2.399 | 1.917 | 0.799 | 0.799 | 0.999 | 0.4 | 3.304/3.299/3.235 |
| QAOA p=2 | 4 | reorder k=1 | 16/5/4 | 2.061 | 1.758 | 1.100 | 0.626 | 0.626 | 1.004 | 0.6 | 3.444/3.329/3.202 |
| CCZ ladder d=4 | 2 | naive | 1/1/1 | 0.680 | 0.680 | 0.680 | 1.000 | 1.000 | 1.008 | 0.5 | 1.060/1.060/1.060 |
| CCZ ladder d=4 | 4 | naive | 2/1/2 | 0.415 | 0.449 | 0.415 | 1.000 | 0.923 | 1.008 | 0.6 | 1.059/1.057/1.059 |
| Grover K=3 | 2 | reorder k=1 | 13/7/1 | 5.409 | 4.423 | 1.598 | 0.361 | 0.361 | 1.067 | 0.6 | 6.919/6.746/2.896 |
| Grover K=3 | 4 | reorder k=1 | 20/7/2 | 3.230 | 2.932 | 0.875 | 0.298 | 0.298 | 1.067 | 0.8 | 6.921/6.544/2.898 |

candidates: QFT D=2 model T: naive=1.544 lookahead=1.550 reorder k=1=1.550 naive+place=1.381 lookahead+place=1.381 reorder k=1+place=1.381
candidates: QFT D=4 model T: naive=0.847 lookahead=0.996 reorder k=1=0.850 reorder k=2=0.996 naive+place=0.748 lookahead+place=0.792 reorder k=1+place=0.748 reorder k=2+place=0.792
candidates: GHZ D=2 model T: naive=0.618 lookahead=0.618 reorder k=1=0.618
candidates: GHZ D=4 model T: naive=0.381 lookahead=0.408 reorder k=1=0.381 reorder k=2=0.408
candidates: random d=10 D=2 model T: naive=7.713 lookahead=5.046 reorder k=1=3.013
candidates: random d=10 D=4 model T: naive=6.517 lookahead=4.113 reorder k=1=1.584 reorder k=2=1.611
candidates: QAOA p=2 D=2 model T: naive=3.015 lookahead=2.425 reorder k=1=1.916
candidates: QAOA p=2 D=4 model T: naive=2.067 lookahead=1.770 reorder k=1=1.104 reorder k=2=1.172
candidates: CCZ ladder d=4 D=2 model T: naive=0.684 lookahead=0.684 reorder k=1=0.684
candidates: CCZ ladder d=4 D=4 model T: naive=0.417 lookahead=0.452 reorder k=1=0.417 reorder k=2=0.452
candidates: Grover K=3 D=2 model T: naive=5.496 lookahead=4.515 reorder k=1=1.696
candidates: Grover K=3 D=4 model T: naive=3.273 lookahead=2.979 reorder k=1=0.923 reorder k=2=0.958

### FP32

| circuit | D | chosen | exch N/L/C | T_pred naive (s) | T_pred lookahead (s) | T_pred compiled (s) | compiled / min(N,L) | compiled / L | model/measured (C) | compile (ms) | measured all N/L/C (s) |
|---|---|---|---|---|---|---|---|---|---|---|---|
| QFT | 2 | naive+place | 2/2/1 | 1.169 | 1.164 | 1.079 | 0.927 | 0.927 | 1.003 | 1.1 | 2.035/2.026/2.007 |
| QFT | 4 | naive+place | 3/2/2 | 0.622 | 0.685 | 0.562 | 0.904 | 0.821 | 1.006 | 1.4 | 2.033/1.992/1.946 |
| random d=10 | 2 | reorder k=1 | 20/10/1 | 3.671 | 2.165 | 0.823 | 0.380 | 0.380 | 0.983 | 1.1 | 4.313/2.815/1.495 |
| random d=10 | 4 | reorder k=1 | 44/11/2 | 3.217 | 1.864 | 0.454 | 0.244 | 0.244 | 0.971 | 1.6 | 6.204/3.344/1.513 |

candidates: QFT D=2 model T: naive=1.178 lookahead=1.183 reorder k=1=1.183 naive+place=1.098 lookahead+place=1.098 reorder k=1+place=1.098
candidates: QFT D=4 model T: naive=0.627 lookahead=0.694 reorder k=1=0.629 reorder k=2=0.694 naive+place=0.569 lookahead+place=0.591 reorder k=1+place=0.569 reorder k=2+place=0.591
candidates: random d=10 D=2 model T: naive=3.772 lookahead=2.176 reorder k=1=0.810
candidates: random d=10 D=4 model T: naive=3.346 lookahead=1.892 reorder k=1=0.443 reorder k=2=0.456

exit1 QFT D=2: compiled/min = 0.886 → PASS
exit3b (compiled-plan model/measured; #538 exit 2) QFT D=2: compiled model/measured = 1.062 (measured all-ranks 2.299 s) → PASS
exit1 QFT D=4: compiled/min = 0.885 → PASS
exit3b (compiled-plan model/measured; #538 exit 2) QFT D=4: compiled model/measured = 1.048 (measured all-ranks 2.273 s) → PASS
exit1 GHZ D=2: compiled/min = 1.000 → PASS
exit3b (compiled-plan model/measured; #538 exit 2) GHZ D=2: compiled model/measured = 0.993 (measured all-ranks 0.925 s) → PASS
exit1 GHZ D=4: compiled/min = 1.000 → PASS
exit3b (compiled-plan model/measured; #538 exit 2) GHZ D=4: compiled model/measured = 0.998 (measured all-ranks 0.890 s) → PASS
exit1 random d=10 D=2: compiled/min = 0.573 → PASS
exit3b (compiled-plan model/measured; #538 exit 2) random d=10 D=2: compiled model/measured = 1.037 (measured all-ranks 5.524 s) → PASS
exit2 random d=10 D=2: compiled 2.912 s vs lookahead 5.084 s = 42.7 % better (need ≥ 15 %) → PASS
exit1 random d=10 D=4: compiled/min = 0.377 → PASS
exit3b (compiled-plan model/measured; #538 exit 2) random d=10 D=4: compiled model/measured = 1.029 (measured all-ranks 5.575 s) → PASS
exit1 QAOA p=2 D=2: compiled/min = 0.799 → PASS
exit3b (compiled-plan model/measured; #538 exit 2) QAOA p=2 D=2: compiled model/measured = 0.999 (measured all-ranks 3.235 s) → PASS
exit1 QAOA p=2 D=4: compiled/min = 0.626 → PASS
exit3b (compiled-plan model/measured; #538 exit 2) QAOA p=2 D=4: compiled model/measured = 1.004 (measured all-ranks 3.202 s) → PASS
exit1 CCZ ladder d=4 D=2: compiled/min = 1.000 → PASS
exit3b (compiled-plan model/measured; #538 exit 2) CCZ ladder d=4 D=2: compiled model/measured = 1.008 (measured all-ranks 1.060 s) → PASS
exit1 CCZ ladder d=4 D=4: compiled/min = 1.000 → PASS
exit3b (compiled-plan model/measured; #538 exit 2) CCZ ladder d=4 D=4: compiled model/measured = 1.008 (measured all-ranks 1.059 s) → PASS
exit1 Grover K=3 D=2: compiled/min = 0.361 → PASS
exit3b (compiled-plan model/measured; #538 exit 2) Grover K=3 D=2: compiled model/measured = 1.067 (measured all-ranks 2.896 s) → PASS
exit1 Grover K=3 D=4: compiled/min = 0.298 → PASS
exit3b (compiled-plan model/measured; #538 exit 2) Grover K=3 D=4: compiled model/measured = 1.067 (measured all-ranks 2.898 s) → PASS
compile time: brickwall d=15 (1043 gates) g=2: 2.3 ms (target < 50 ms) → PASS
test compile_bench_n28 ... ok

test result: ok. 1 passed; 0 failed; 0 ignored; 0 measured; 0 filtered out; finished in 511.26s

