idle-check (code 9abbc76): 2026-10-05T13:18:37Z
 15:18:37 up 1 day, 23:34,  1 user,  load average: 0.06, 0.45, 0.69
0 %, 13828 MiB, 6.57 W, 42
    Finished `release` profile [optimized] target(s) in 0.05s
     Running tests/dist_compile_bench.rs (target/release/deps/dist_compile_bench-a09b6b0a15ac0850)

running 1 test

### FP64

| circuit | D | chosen | exch N/L/C | T_pred naive (s) | T_pred lookahead (s) | T_pred compiled (s) | compiled / min(N,L) | compiled / L | model/measured (C) | compile (ms) | measured all N/L/C (s) |
|---|---|---|---|---|---|---|---|---|---|---|---|
| QFT | 2 | naive+place | 2/2/1 | 1.472 | 1.467 | 1.308 | 0.892 | 0.892 | 1.054 | 1.1 | 2.344/2.334/2.316 |
| QFT | 4 | naive+place | 3/2/2 | 0.811 | 0.957 | 0.717 | 0.884 | 0.749 | 1.051 | 1.4 | 2.343/2.347/2.267 |
| GHZ | 2 | naive | 1/1/1 | 0.610 | 0.612 | 0.610 | 1.000 | 0.997 | 0.998 | 0.1 | 0.920/0.924/0.920 |
| GHZ | 4 | naive | 2/1/2 | 0.372 | 0.406 | 0.372 | 1.000 | 0.917 | 0.998 | 0.1 | 0.890/0.884/0.890 |
test compile_bench_n28 has been running for over 60 seconds
| random d=10 | 2 | reorder k=1 | 20/10/1 | 7.599 | 5.067 | 2.904 | 0.573 | 0.573 | 1.039 | 1.1 | 9.198/7.134/5.509 |
| random d=10 | 4 | reorder k=1 | 44/11/2 | 6.410 | 4.102 | 1.544 | 0.376 | 0.376 | 1.029 | 1.7 | 12.445/8.262/5.577 |
| QAOA p=2 | 2 | reorder k=1 | 9/5/2 | 3.004 | 2.398 | 1.917 | 0.799 | 0.799 | 0.999 | 0.4 | 3.309/3.296/3.234 |
| QAOA p=2 | 4 | reorder k=1 | 16/5/4 | 2.061 | 1.758 | 1.100 | 0.626 | 0.626 | 1.004 | 0.6 | 3.446/3.330/3.202 |
| CCZ ladder d=4 | 2 | naive | 1/1/1 | 0.680 | 0.679 | 0.680 | 1.001 | 1.001 | 1.008 | 0.5 | 1.060/1.059/1.060 |
| CCZ ladder d=4 | 4 | naive | 2/1/2 | 0.415 | 0.449 | 0.415 | 1.000 | 0.923 | 1.008 | 0.6 | 1.059/1.057/1.059 |
| Grover K=3 | 2 | reorder k=1 | 13/7/1 | 5.407 | 4.422 | 1.599 | 0.362 | 0.362 | 1.067 | 0.6 | 6.915/6.744/2.898 |
| Grover K=3 | 4 | reorder k=1 | 20/7/2 | 3.230 | 2.932 | 0.875 | 0.298 | 0.298 | 1.066 | 0.8 | 6.923/6.543/2.899 |

candidates: QFT D=2 model T: naive=1.544 lookahead=1.550 reorder k=1=1.550 naive+place=1.381 lookahead+place=1.381 reorder k=1+place=1.381
candidates: QFT D=4 model T: naive=0.847 lookahead=0.996 reorder k=1=0.850 reorder k=2=0.996 naive+place=0.748 lookahead+place=0.792 reorder k=1+place=0.748 reorder k=2+place=0.792
candidates: GHZ D=2 model T: naive=0.618 lookahead=0.618 reorder k=1=0.618
candidates: GHZ D=4 model T: naive=0.381 lookahead=0.408 reorder k=1=0.381 reorder k=2=0.408
candidates: random d=10 D=2 model T: naive=7.713 lookahead=5.046 reorder k=1=3.013
candidates: random d=10 D=4 model T: naive=6.517 lookahead=4.113 reorder k=1=1.584 reorder k=2=1.611
candidates: QAOA p=2 D=2 model T: naive=3.015 lookahead=2.425 reorder k=1=1.916
candidates: QAOA p=2 D=4 model T: naive=2.067 lookahead=1.770 reorder k=1=1.104 reorder k=2=1.172
candidates: CCZ ladder d=4 D=2 model T: naive=0.684 lookahead=0.684 reorder k=1=0.684
candidates: CCZ ladder d=4 D=4 model T: naive=0.417 lookahead=0.452 reorder k=1=0.417 reorder k=2=0.452
candidates: Grover K=3 D=2 model T: naive=5.496 lookahead=4.515 reorder k=1=1.696
candidates: Grover K=3 D=4 model T: naive=3.273 lookahead=2.979 reorder k=1=0.923 reorder k=2=0.958

### FP32

| circuit | D | chosen | exch N/L/C | T_pred naive (s) | T_pred lookahead (s) | T_pred compiled (s) | compiled / min(N,L) | compiled / L | model/measured (C) | compile (ms) | measured all N/L/C (s) |
|---|---|---|---|---|---|---|---|---|---|---|---|
| QFT | 2 | naive+place | 2/2/1 | 1.170 | 1.163 | 1.077 | 0.926 | 0.926 | 1.006 | 1.1 | 2.038/2.023/2.002 |
| QFT | 4 | naive+place | 3/2/2 | 0.621 | 0.685 | 0.562 | 0.905 | 0.821 | 1.006 | 1.4 | 2.032/1.991/1.946 |
| random d=10 | 2 | reorder k=1 | 20/10/1 | 3.672 | 2.165 | 0.824 | 0.381 | 0.381 | 0.982 | 1.2 | 4.314/2.815/1.496 |
| random d=10 | 4 | reorder k=1 | 44/11/2 | 3.218 | 1.864 | 0.453 | 0.243 | 0.243 | 0.974 | 1.6 | 6.207/3.345/1.508 |

candidates: QFT D=2 model T: naive=1.178 lookahead=1.183 reorder k=1=1.183 naive+place=1.098 lookahead+place=1.098 reorder k=1+place=1.098
candidates: QFT D=4 model T: naive=0.627 lookahead=0.694 reorder k=1=0.629 reorder k=2=0.694 naive+place=0.569 lookahead+place=0.591 reorder k=1+place=0.569 reorder k=2+place=0.591
candidates: random d=10 D=2 model T: naive=3.772 lookahead=2.176 reorder k=1=0.810
candidates: random d=10 D=4 model T: naive=3.346 lookahead=1.892 reorder k=1=0.443 reorder k=2=0.456

exit1 QFT D=2: compiled/min = 0.892 → PASS
exit3b (compiled-plan model/measured; #538 exit 2) QFT D=2: compiled model/measured = 1.054 (measured all-ranks 2.316 s) → PASS
exit1 QFT D=4: compiled/min = 0.884 → PASS
exit3b (compiled-plan model/measured; #538 exit 2) QFT D=4: compiled model/measured = 1.051 (measured all-ranks 2.267 s) → PASS
exit1 GHZ D=2: compiled/min = 1.000 → PASS
exit3b (compiled-plan model/measured; #538 exit 2) GHZ D=2: compiled model/measured = 0.998 (measured all-ranks 0.920 s) → PASS
exit1 GHZ D=4: compiled/min = 1.000 → PASS
exit3b (compiled-plan model/measured; #538 exit 2) GHZ D=4: compiled model/measured = 0.998 (measured all-ranks 0.890 s) → PASS
exit1 random d=10 D=2: compiled/min = 0.573 → PASS
exit3b (compiled-plan model/measured; #538 exit 2) random d=10 D=2: compiled model/measured = 1.039 (measured all-ranks 5.509 s) → PASS
exit2 random d=10 D=2: compiled 2.904 s vs lookahead 5.067 s = 42.7 % better (need ≥ 15 %) → PASS
exit1 random d=10 D=4: compiled/min = 0.376 → PASS
exit3b (compiled-plan model/measured; #538 exit 2) random d=10 D=4: compiled model/measured = 1.029 (measured all-ranks 5.577 s) → PASS
exit1 QAOA p=2 D=2: compiled/min = 0.799 → PASS
exit3b (compiled-plan model/measured; #538 exit 2) QAOA p=2 D=2: compiled model/measured = 0.999 (measured all-ranks 3.234 s) → PASS
exit1 QAOA p=2 D=4: compiled/min = 0.626 → PASS
exit3b (compiled-plan model/measured; #538 exit 2) QAOA p=2 D=4: compiled model/measured = 1.004 (measured all-ranks 3.202 s) → PASS
exit1 CCZ ladder d=4 D=2: compiled/min = 1.001 → PASS
exit3b (compiled-plan model/measured; #538 exit 2) CCZ ladder d=4 D=2: compiled model/measured = 1.008 (measured all-ranks 1.060 s) → PASS
exit1 CCZ ladder d=4 D=4: compiled/min = 1.000 → PASS
exit3b (compiled-plan model/measured; #538 exit 2) CCZ ladder d=4 D=4: compiled model/measured = 1.008 (measured all-ranks 1.059 s) → PASS
exit1 Grover K=3 D=2: compiled/min = 0.362 → PASS
exit3b (compiled-plan model/measured; #538 exit 2) Grover K=3 D=2: compiled model/measured = 1.067 (measured all-ranks 2.898 s) → PASS
exit1 Grover K=3 D=4: compiled/min = 0.298 → PASS
exit3b (compiled-plan model/measured; #538 exit 2) Grover K=3 D=4: compiled model/measured = 1.066 (measured all-ranks 2.899 s) → PASS
compile time: brickwall d=15 (1043 gates) g=2: 2.3 ms (target < 50 ms) → PASS
test compile_bench_n28 ... ok

test result: ok. 1 passed; 0 failed; 0 ignored; 0 measured; 0 filtered out; finished in 510.52s

