idle-check (code 9abbc76): 2026-10-05T13:07:09Z
 15:07:09 up 1 day, 23:22,  1 user,  load average: 0.09, 0.58, 0.72
0 %, 13828 MiB, 6.67 W, 49
    Finished `release` profile [optimized] target(s) in 0.03s
     Running tests/dist_cost_gate.rs (target/release/deps/dist_cost_gate-f1c4dd399fa91b2e)

running 1 test
### old cells (seen during design)
| circuit | D | measured compute (s) | model all-ranks (s) | ratio | R·model(R−1) (s) | ratio | generic steps | old-rule generic | verdict |
|---|---|---|---|---|---|---|---|---|---|
| QFT | 2 | 2.341 | 2.478 | 1.059 | 2.500 | 1.068 | 0/3 | 2/3 | PASS |
| QFT | 4 | 2.340 | 2.493 | 1.065 | 2.504 | 1.070 | 0/3 | 2/3 | PASS |
| GHZ | 2 | 0.916 | 0.919 | 1.003 | 0.936 | 1.022 | 0/2 | 0/2 | PASS |
| GHZ | 4 | 0.871 | 0.883 | 1.013 | 0.891 | 1.022 | 0/2 | 0/2 | PASS |
| random d=10 | 2 | 7.003 | 7.092 | 1.013 | 7.092 | 1.013 | 11/11 | 11/11 | PASS |
test model_gate_n28_fp64 has been running for over 60 seconds
| random d=10 | 4 | 8.104 | 8.129 | 1.003 | 8.305 | 1.025 | 12/12 | 12/12 | PASS |
| QAOA p=2 | 2 | 3.283 | 3.282 | 1.000 | 3.350 | 1.020 | 5/6 | 5/6 | PASS |
| QAOA p=2 | 4 | 3.314 | 3.326 | 1.004 | 3.377 | 1.019 | 5/6 | 5/6 | PASS |
| CCZ ladder d=4 | 2 | 1.059 | 1.069 | 1.009 | 1.069 | 1.009 | 1/2 | 1/2 | PASS |
| CCZ ladder d=4 | 4 | 1.056 | 1.066 | 1.009 | 1.066 | 1.009 | 1/2 | 1/2 | PASS |
| Grover K=3 | 2 | 6.739 | 6.930 | 1.028 | 6.930 | 1.028 | 0/8 | 0/8 | PASS |
| Grover K=3 | 4 | 6.538 | 6.733 | 1.030 | 6.733 | 1.030 | 0/8 | 0/8 | PASS |
kinds: QFT D=2 t_full=2.411 t_comm=0.070 dense1=0.983 dense2=0.037 dense3=0.000 diag1=0.018 diag_k=0.000 cnot=0.000 phase=1.440
kinds: QFT D=4 t_full=2.437 t_comm=0.096 dense1=0.983 dense2=0.075 dense3=0.000 diag1=0.044 diag_k=0.000 cnot=0.000 phase=1.391
kinds: GHZ D=2 t_full=0.959 t_comm=0.043 dense1=0.018 dense2=0.000 dense3=0.901 diag1=0.000 diag_k=0.000 cnot=0.000 phase=0.000
kinds: GHZ D=4 t_full=0.927 t_comm=0.056 dense1=0.000 dense2=0.019 dense3=0.832 diag1=0.000 diag_k=0.000 cnot=0.032 phase=0.000
kinds: random d=10 D=2 t_full=7.287 t_comm=0.283 dense1=1.299 dense2=4.900 dense3=0.722 diag1=0.000 diag_k=0.000 cnot=0.172 phase=0.000
kinds: random d=10 D=4 t_full=8.561 t_comm=0.457 dense1=2.317 dense2=4.854 dense3=0.722 diag1=0.000 diag_k=0.000 cnot=0.237 phase=0.000
kinds: QAOA p=2 D=2 t_full=3.433 t_comm=0.150 dense1=2.878 dense2=0.037 dense3=0.000 diag1=0.071 diag_k=0.000 cnot=0.000 phase=0.295
kinds: QAOA p=2 D=4 t_full=3.531 t_comm=0.218 dense1=2.668 dense2=0.310 dense3=0.000 diag1=0.053 diag_k=0.000 cnot=0.000 phase=0.296
kinds: CCZ ladder d=4 D=2 t_full=1.102 t_comm=0.043 dense1=0.983 dense2=0.000 dense3=0.000 diag1=0.000 diag_k=0.000 cnot=0.000 phase=0.086
kinds: CCZ ladder d=4 D=4 t_full=1.113 t_comm=0.056 dense1=0.983 dense2=0.000 dense3=0.000 diag1=0.000 diag_k=0.000 cnot=0.000 phase=0.083
kinds: Grover K=3 D=2 t_full=6.942 t_comm=0.203 dense1=6.493 dense2=0.224 dense3=0.000 diag1=0.213 diag_k=0.000 cnot=0.000 phase=0.000
kinds: Grover K=3 D=4 t_full=6.835 t_comm=0.297 dense1=6.072 dense2=0.448 dense3=0.000 diag1=0.213 diag_k=0.000 cnot=0.000 phase=0.000
old cells (seen during design): worst |model/measured − 1| = 6.5 %
### held-out cells (never used to choose anything)
| circuit | D | measured compute (s) | model all-ranks (s) | ratio | R·model(R−1) (s) | ratio | generic steps | old-rule generic | verdict |
|---|---|---|---|---|---|---|---|---|---|
| HEA d=4 | 2 | 13.008 | 8.918 | 0.686 | 8.918 | 0.686 | 10/10 | 10/10 | MISS |
| HEA d=4 | 4 | 8.736 | 8.973 | 1.027 | 8.973 | 1.027 | 10/10 | 10/10 | PASS |
| random d=20 | 2 | 14.064 | 13.581 | 0.966 | 13.581 | 0.966 | 21/21 | 21/21 | PASS |
| random d=20 | 4 | 16.358 | 15.924 | 0.973 | 16.310 | 0.997 | 23/23 | 23/23 | PASS |
| Clifford brickwall d=10 | 2 | 6.063 | 5.777 | 0.953 | 5.848 | 0.965 | 0/6 | 0/6 | PASS |
| Clifford brickwall d=10 | 4 | 7.261 | 6.984 | 0.962 | 7.126 | 0.981 | 0/7 | 0/7 | PASS |
| QAOA p=2 skip-7 | 2 | 3.559 | 3.543 | 0.995 | 3.662 | 1.029 | 7/8 | 7/8 | PASS |
| QAOA p=2 skip-7 | 4 | 3.647 | 3.643 | 0.999 | 3.744 | 1.027 | 7/8 | 7/8 | PASS |
kinds: HEA d=4 D=2 t_full=13.265 t_comm=0.257 dense1=4.703 dense2=0.045 dense3=4.169 diag1=0.000 diag_k=0.000 cnot=0.000 phase=0.000
kinds: HEA d=4 D=4 t_full=9.113 t_comm=0.377 dense1=4.422 dense2=0.499 dense3=4.009 diag1=0.000 diag_k=0.000 cnot=0.043 phase=0.000
kinds: random d=20 D=2 t_full=14.615 t_comm=0.551 dense1=1.650 dense2=10.344 dense3=1.523 diag1=0.000 diag_k=0.000 cnot=0.065 phase=0.000
kinds: random d=20 D=4 t_full=17.256 t_comm=0.898 dense1=3.896 dense2=10.434 dense3=1.443 diag1=0.000 diag_k=0.000 cnot=0.151 phase=0.000
kinds: Clifford brickwall d=10 D=2 t_full=6.213 t_comm=0.150 dense1=0.316 dense2=2.985 dense3=1.871 diag1=0.142 diag_k=0.000 cnot=0.022 phase=0.440
kinds: Clifford brickwall d=10 D=4 t_full=7.519 t_comm=0.258 dense1=0.720 dense2=2.575 dense3=2.218 diag1=0.657 diag_k=0.000 cnot=0.022 phase=0.793
kinds: QAOA p=2 skip-7 D=2 t_full=3.763 t_comm=0.203 dense1=2.808 dense2=0.264 dense3=0.000 diag1=0.071 diag_k=0.000 cnot=0.000 phase=0.400
kinds: QAOA p=2 skip-7 D=4 t_full=3.944 t_comm=0.297 dense1=2.597 dense2=0.491 dense3=0.000 diag1=0.107 diag_k=0.000 cnot=0.000 phase=0.448
held-out cells (never used to choose anything): worst |model/measured − 1| = 31.4 %
### zero-tracking held-out cells (fixed in the zero-tracking spec)
| circuit | D | measured compute (s) | model all-ranks (s) | ratio | R·model(R−1) (s) | ratio | generic steps | old-rule generic | verdict |
|---|---|---|---|---|---|---|---|---|---|
| H1 QFT on X-odd input | 2 | 2.913 | 3.113 | 1.069 | 3.138 | 1.077 | 2/3 | 2/3 | PASS |
| H1 QFT on X-odd input | 4 | 2.830 | 3.053 | 1.079 | 3.065 | 1.083 | 2/3 | 2/3 | PASS |
| H2 |0>-controlled phase ladder | 2 | 0.756 | 0.729 | 0.965 | 0.740 | 0.979 | 0/2 | 1/2 | PASS |
| H2 |0>-controlled phase ladder | 4 | 0.743 | 0.720 | 0.969 | 0.727 | 0.979 | 0/2 | 1/2 | PASS |
| H3 |0>-controlled CRx | 2 | 1.615 | 1.519 | 0.940 | 1.519 | 0.940 | 0/2 | 1/2 | PASS |
| H3 |0>-controlled CRx | 4 | 1.903 | 1.817 | 0.955 | 1.817 | 0.955 | 0/2 | 1/2 | PASS |
kinds: H1 QFT on X-odd input D=2 t_full=2.982 t_comm=0.070 dense1=1.439 dense2=0.037 dense3=0.000 diag1=0.018 diag_k=0.000 cnot=0.000 phase=1.619
kinds: H1 QFT on X-odd input D=4 t_full=2.926 t_comm=0.096 dense1=1.369 dense2=0.075 dense3=0.000 diag1=0.044 diag_k=0.000 cnot=0.000 phase=1.565
kinds: H2 |0>-controlled phase ladder D=2 t_full=0.798 t_comm=0.043 dense1=0.491 dense2=0.000 dense3=0.000 diag1=0.000 diag_k=0.000 cnot=0.000 phase=0.237
kinds: H2 |0>-controlled phase ladder D=4 t_full=0.799 t_comm=0.056 dense1=0.491 dense2=0.000 dense3=0.000 diag1=0.000 diag_k=0.000 cnot=0.000 phase=0.228
kinds: H3 |0>-controlled CRx D=2 t_full=1.658 t_comm=0.043 dense1=0.018 dense2=0.746 dense3=0.693 diag1=0.018 diag_k=0.000 cnot=0.000 phase=0.044
kinds: H3 |0>-controlled CRx D=4 t_full=1.959 t_comm=0.056 dense1=0.193 dense2=0.597 dense3=0.832 diag1=0.195 diag_k=0.000 cnot=0.000 phase=0.000
zero-tracking held-out cells (fixed in the zero-tracking spec): worst |model/measured − 1| = 7.9 %
worst |model/measured − 1|: old 6.5 %, held-out 31.4 %, zero-tracking held-out 7.9 %

thread 'model_gate_n28_fp64' (462166) panicked at crates/aleph-cuda/tests/dist_cost_gate.rs:242:5:
every old and held-out cell within ±10 %
note: run with `RUST_BACKTRACE=1` environment variable to display a backtrace
test model_gate_n28_fp64 ... FAILED

failures:

failures:
    model_gate_n28_fp64

test result: FAILED. 0 passed; 1 failed; 0 ignored; 0 measured; 0 filtered out; finished in 417.35s

error: test failed, to rerun pass `-p aleph-cuda --test dist_cost_gate`
