# host=remote-5-splynx-com cpu_model=ryzen n=25
# gate target min_amps grain median
h 1 65536 16 34.202 ms
h 1 65536 32 34.235 ms
h 1 65536 64 34.377 ms
h 1 65536 128 34.226 ms
h 1 65536 256 34.204 ms
h 1 65536 512 34.207 ms
h 1 131072 16 34.365 ms
h 1 131072 32 34.213 ms
h 1 131072 64 34.220 ms
h 1 131072 128 34.265 ms
h 1 131072 256 34.226 ms
h 1 131072 512 34.209 ms
h 1 262144 16 34.245 ms
h 1 262144 32 34.235 ms
h 1 262144 64 34.229 ms
h 1 262144 128 34.215 ms
h 1 262144 256 34.216 ms
h 1 262144 512 34.202 ms
h 1 524288 16 34.228 ms
h 1 524288 32 34.225 ms
h 1 524288 64 34.221 ms
h 1 524288 128 34.215 ms
h 1 524288 256 34.212 ms
h 1 524288 512 34.203 ms
h 1 1048576 16 34.233 ms
h 1 1048576 32 34.242 ms
h 1 1048576 64 34.224 ms
h 1 1048576 128 34.222 ms
h 1 1048576 256 34.202 ms
h 1 1048576 512 34.199 ms
h 12 65536 16 34.616 ms
h 12 65536 32 34.627 ms
h 12 65536 64 34.622 ms
h 12 65536 128 34.626 ms
h 12 65536 256 34.620 ms
h 12 65536 512 34.611 ms
h 12 131072 16 34.625 ms
h 12 131072 32 34.634 ms
h 12 131072 64 34.639 ms
h 12 131072 128 34.614 ms
h 12 131072 256 34.605 ms
h 12 131072 512 34.630 ms
h 12 262144 16 34.612 ms
h 12 262144 32 34.616 ms
h 12 262144 64 34.591 ms
h 12 262144 128 34.630 ms
h 12 262144 256 34.600 ms
h 12 262144 512 34.631 ms
h 12 524288 16 34.636 ms
h 12 524288 32 34.626 ms
h 12 524288 64 34.620 ms
h 12 524288 128 34.623 ms
h 12 524288 256 34.619 ms
h 12 524288 512 34.610 ms
h 12 1048576 16 34.623 ms
h 12 1048576 32 34.628 ms
h 12 1048576 64 34.640 ms
h 12 1048576 128 34.609 ms
h 12 1048576 256 34.628 ms
h 12 1048576 512 34.630 ms
h 24 65536 16 34.181 ms
h 24 65536 32 34.233 ms
h 24 65536 64 34.185 ms
h 24 65536 128 34.187 ms
h 24 65536 256 34.188 ms
h 24 65536 512 34.157 ms
h 24 131072 16 34.205 ms
h 24 131072 32 34.216 ms
h 24 131072 64 34.208 ms
h 24 131072 128 34.177 ms
h 24 131072 256 34.158 ms
h 24 131072 512 34.165 ms
h 24 262144 16 34.192 ms
h 24 262144 32 34.192 ms
h 24 262144 64 34.206 ms
h 24 262144 128 34.182 ms
h 24 262144 256 34.167 ms
h 24 262144 512 34.190 ms
h 24 524288 16 34.194 ms
h 24 524288 32 34.173 ms
h 24 524288 64 34.203 ms
h 24 524288 128 34.203 ms
h 24 524288 256 34.194 ms
h 24 524288 512 34.170 ms
h 24 1048576 16 34.197 ms
h 24 1048576 32 34.181 ms
h 24 1048576 64 34.155 ms
h 24 1048576 128 34.438 ms
h 24 1048576 256 34.196 ms
h 24 1048576 512 34.166 ms
zdiag 1 65536 16 34.230 ms
zdiag 1 65536 32 34.229 ms
zdiag 1 65536 64 34.210 ms
zdiag 1 65536 128 34.222 ms
zdiag 1 65536 256 34.207 ms
zdiag 1 65536 512 34.202 ms
zdiag 1 131072 16 34.200 ms
zdiag 1 131072 32 34.219 ms
zdiag 1 131072 64 34.229 ms
zdiag 1 131072 128 34.223 ms
zdiag 1 131072 256 34.222 ms
zdiag 1 131072 512 34.216 ms
zdiag 1 262144 16 34.231 ms
zdiag 1 262144 32 34.212 ms
zdiag 1 262144 64 34.219 ms
zdiag 1 262144 128 34.218 ms
zdiag 1 262144 256 34.204 ms
zdiag 1 262144 512 34.211 ms
zdiag 1 524288 16 34.237 ms
zdiag 1 524288 32 34.240 ms
zdiag 1 524288 64 34.221 ms
zdiag 1 524288 128 34.222 ms
zdiag 1 524288 256 34.214 ms
zdiag 1 524288 512 34.261 ms
zdiag 1 1048576 16 34.231 ms
zdiag 1 1048576 32 34.222 ms
zdiag 1 1048576 64 34.243 ms
zdiag 1 1048576 128 34.203 ms
zdiag 1 1048576 256 34.198 ms
zdiag 1 1048576 512 34.220 ms
zdiag 12 65536 16 34.222 ms
zdiag 12 65536 32 34.234 ms
zdiag 12 65536 64 34.217 ms
zdiag 12 65536 128 34.223 ms
zdiag 12 65536 256 34.203 ms
zdiag 12 65536 512 34.200 ms
zdiag 12 131072 16 34.233 ms
zdiag 12 131072 32 34.223 ms
zdiag 12 131072 64 34.201 ms
zdiag 12 131072 128 34.222 ms
zdiag 12 131072 256 34.202 ms
zdiag 12 131072 512 34.219 ms
zdiag 12 262144 16 34.235 ms
zdiag 12 262144 32 34.229 ms
zdiag 12 262144 64 34.226 ms
zdiag 12 262144 128 34.238 ms
zdiag 12 262144 256 34.212 ms
zdiag 12 262144 512 34.206 ms
zdiag 12 524288 16 34.213 ms
zdiag 12 524288 32 34.229 ms
zdiag 12 524288 64 34.226 ms
zdiag 12 524288 128 34.220 ms
zdiag 12 524288 256 34.200 ms
zdiag 12 524288 512 34.211 ms
zdiag 12 1048576 16 34.212 ms
zdiag 12 1048576 32 34.215 ms
zdiag 12 1048576 64 34.214 ms
zdiag 12 1048576 128 34.207 ms
zdiag 12 1048576 256 34.206 ms
zdiag 12 1048576 512 34.226 ms
zdiag 24 65536 16 34.237 ms
zdiag 24 65536 32 34.225 ms
zdiag 24 65536 64 34.213 ms
zdiag 24 65536 128 34.230 ms
zdiag 24 65536 256 34.218 ms
zdiag 24 65536 512 34.207 ms
zdiag 24 131072 16 34.233 ms
zdiag 24 131072 32 34.226 ms
zdiag 24 131072 64 34.237 ms
zdiag 24 131072 128 34.215 ms
zdiag 24 131072 256 34.216 ms
zdiag 24 131072 512 34.206 ms
zdiag 24 262144 16 34.244 ms
zdiag 24 262144 32 34.216 ms
zdiag 24 262144 64 34.222 ms
zdiag 24 262144 128 34.323 ms
zdiag 24 262144 256 34.223 ms
zdiag 24 262144 512 34.222 ms
zdiag 24 524288 16 34.231 ms
zdiag 24 524288 32 34.221 ms
zdiag 24 524288 64 34.219 ms
zdiag 24 524288 128 34.246 ms
zdiag 24 524288 256 34.221 ms
zdiag 24 524288 512 34.214 ms
zdiag 24 1048576 16 34.222 ms
zdiag 24 1048576 32 34.224 ms
zdiag 24 1048576 64 34.213 ms
zdiag 24 1048576 128 34.230 ms
zdiag 24 1048576 256 34.221 ms
zdiag 24 1048576 512 34.206 ms
cnot 1 65536 16 34.249 ms
cnot 1 65536 32 34.228 ms
cnot 1 65536 64 34.235 ms
cnot 1 65536 128 34.248 ms
cnot 1 65536 256 34.226 ms
cnot 1 65536 512 34.217 ms
cnot 1 131072 16 34.237 ms
cnot 1 131072 32 34.254 ms
cnot 1 131072 64 34.240 ms
cnot 1 131072 128 34.239 ms
cnot 1 131072 256 34.237 ms
cnot 1 131072 512 34.213 ms
cnot 1 262144 16 34.253 ms
cnot 1 262144 32 34.236 ms
cnot 1 262144 64 34.219 ms
cnot 1 262144 128 34.233 ms
cnot 1 262144 256 34.226 ms
cnot 1 262144 512 34.210 ms
cnot 1 524288 16 34.244 ms
cnot 1 524288 32 34.213 ms
cnot 1 524288 64 34.239 ms
cnot 1 524288 128 34.225 ms
cnot 1 524288 256 34.235 ms
cnot 1 524288 512 34.199 ms
cnot 1 1048576 16 34.252 ms
cnot 1 1048576 32 34.231 ms
cnot 1 1048576 64 34.231 ms
cnot 1 1048576 128 34.226 ms
cnot 1 1048576 256 34.228 ms
cnot 1 1048576 512 34.209 ms
cnot 12 65536 16 17.376 ms
cnot 12 65536 32 17.388 ms
cnot 12 65536 64 17.348 ms
cnot 12 65536 128 17.378 ms
cnot 12 65536 256 17.365 ms
cnot 12 65536 512 17.362 ms
cnot 12 131072 16 17.396 ms
cnot 12 131072 32 17.380 ms
cnot 12 131072 64 17.352 ms
cnot 12 131072 128 17.361 ms
cnot 12 131072 256 17.354 ms
cnot 12 131072 512 17.362 ms
cnot 12 262144 16 17.389 ms
cnot 12 262144 32 17.390 ms
cnot 12 262144 64 17.394 ms
cnot 12 262144 128 17.358 ms
cnot 12 262144 256 17.374 ms
cnot 12 262144 512 17.363 ms
cnot 12 524288 16 17.356 ms
cnot 12 524288 32 17.384 ms
cnot 12 524288 64 17.370 ms
cnot 12 524288 128 17.365 ms
cnot 12 524288 256 17.341 ms
cnot 12 524288 512 17.379 ms
cnot 12 1048576 16 17.381 ms
cnot 12 1048576 32 17.373 ms
cnot 12 1048576 64 17.376 ms
cnot 12 1048576 128 17.356 ms
cnot 12 1048576 256 17.393 ms
cnot 12 1048576 512 17.340 ms
cnot 24 65536 16 17.224 ms
cnot 24 65536 32 17.204 ms
cnot 24 65536 64 17.211 ms
cnot 24 65536 128 17.220 ms
cnot 24 65536 256 17.220 ms
cnot 24 65536 512 17.218 ms
cnot 24 131072 16 17.230 ms
cnot 24 131072 32 17.263 ms
cnot 24 131072 64 17.228 ms
cnot 24 131072 128 17.236 ms
cnot 24 131072 256 17.213 ms
cnot 24 131072 512 17.240 ms
cnot 24 262144 16 17.215 ms
cnot 24 262144 32 17.222 ms
cnot 24 262144 64 17.258 ms
cnot 24 262144 128 17.246 ms
cnot 24 262144 256 17.236 ms
cnot 24 262144 512 17.224 ms
cnot 24 524288 16 17.217 ms
cnot 24 524288 32 17.232 ms
cnot 24 524288 64 17.234 ms
cnot 24 524288 128 17.238 ms
cnot 24 524288 256 17.225 ms
cnot 24 524288 512 17.231 ms
cnot 24 1048576 16 17.212 ms
cnot 24 1048576 32 17.245 ms
cnot 24 1048576 64 17.217 ms
cnot 24 1048576 128 17.207 ms
cnot 24 1048576 256 17.225 ms
cnot 24 1048576 512 17.207 ms
cphase 1 65536 16 34.217 ms
cphase 1 65536 32 34.231 ms
cphase 1 65536 64 34.223 ms
cphase 1 65536 128 34.223 ms
cphase 1 65536 256 34.205 ms
cphase 1 65536 512 34.203 ms
cphase 1 131072 16 34.210 ms
cphase 1 131072 32 34.215 ms
cphase 1 131072 64 34.225 ms
cphase 1 131072 128 34.196 ms
cphase 1 131072 256 34.221 ms
cphase 1 131072 512 34.206 ms
cphase 1 262144 16 34.237 ms
cphase 1 262144 32 34.212 ms
cphase 1 262144 64 34.215 ms
cphase 1 262144 128 34.221 ms
cphase 1 262144 256 34.198 ms
cphase 1 262144 512 34.197 ms
cphase 1 524288 16 34.216 ms
cphase 1 524288 32 34.229 ms
cphase 1 524288 64 34.233 ms
cphase 1 524288 128 34.216 ms
cphase 1 524288 256 34.209 ms
cphase 1 524288 512 34.220 ms
cphase 1 1048576 16 34.234 ms
cphase 1 1048576 32 34.221 ms
cphase 1 1048576 64 34.224 ms
cphase 1 1048576 128 34.216 ms
cphase 1 1048576 256 34.208 ms
cphase 1 1048576 512 34.209 ms
cphase 12 65536 16 34.225 ms
cphase 12 65536 32 34.210 ms
cphase 12 65536 64 34.219 ms
cphase 12 65536 128 34.230 ms
cphase 12 65536 256 34.198 ms
cphase 12 65536 512 34.199 ms
cphase 12 131072 16 34.238 ms
cphase 12 131072 32 34.212 ms
cphase 12 131072 64 34.226 ms
cphase 12 131072 128 34.229 ms
cphase 12 131072 256 34.207 ms
cphase 12 131072 512 34.203 ms
cphase 12 262144 16 34.228 ms
cphase 12 262144 32 34.201 ms
cphase 12 262144 64 34.230 ms
cphase 12 262144 128 34.221 ms
cphase 12 262144 256 34.215 ms
cphase 12 262144 512 34.207 ms
cphase 12 524288 16 34.227 ms
cphase 12 524288 32 34.244 ms
cphase 12 524288 64 34.226 ms
cphase 12 524288 128 34.294 ms
cphase 12 524288 256 34.218 ms
cphase 12 524288 512 34.203 ms
cphase 12 1048576 16 34.236 ms
cphase 12 1048576 32 34.227 ms
cphase 12 1048576 64 34.223 ms
cphase 12 1048576 128 34.208 ms
cphase 12 1048576 256 34.224 ms
cphase 12 1048576 512 34.213 ms
cphase 24 65536 16 34.224 ms
cphase 24 65536 32 34.215 ms
cphase 24 65536 64 34.251 ms
cphase 24 65536 128 34.220 ms
cphase 24 65536 256 34.228 ms
cphase 24 65536 512 34.198 ms
cphase 24 131072 16 34.238 ms
cphase 24 131072 32 34.218 ms
cphase 24 131072 64 34.221 ms
cphase 24 131072 128 34.221 ms
cphase 24 131072 256 34.205 ms
cphase 24 131072 512 34.215 ms
cphase 24 262144 16 34.248 ms
cphase 24 262144 32 34.218 ms
cphase 24 262144 64 34.205 ms
cphase 24 262144 128 34.219 ms
cphase 24 262144 256 34.216 ms
cphase 24 262144 512 34.212 ms
cphase 24 524288 16 34.221 ms
cphase 24 524288 32 34.221 ms
cphase 24 524288 64 34.213 ms
cphase 24 524288 128 34.199 ms
cphase 24 524288 256 34.211 ms
cphase 24 524288 512 34.191 ms
cphase 24 1048576 16 34.206 ms
cphase 24 1048576 32 34.226 ms
cphase 24 1048576 64 34.216 ms
cphase 24 1048576 128 34.204 ms
cphase 24 1048576 256 34.220 ms
cphase 24 1048576 512 34.205 ms
