# host=sd-185281 cpu_model=epyc n=25
# gate target min_amps grain median
h 1 65536 16 8.8937 ms
h 1 65536 32 8.9087 ms
h 1 65536 64 8.8690 ms
h 1 65536 128 8.8525 ms
h 1 65536 256 8.8375 ms
h 1 65536 512 8.8519 ms
h 1 131072 16 8.8947 ms
h 1 131072 32 8.8648 ms
h 1 131072 64 8.8443 ms
h 1 131072 128 8.8358 ms
h 1 131072 256 8.8322 ms
h 1 131072 512 8.8203 ms
h 1 262144 16 8.8723 ms
h 1 262144 32 8.8564 ms
h 1 262144 64 8.8413 ms
h 1 262144 128 8.8323 ms
h 1 262144 256 8.8140 ms
h 1 262144 512 8.8083 ms
h 1 524288 16 8.8700 ms
h 1 524288 32 8.8466 ms
h 1 524288 64 8.8390 ms
h 1 524288 128 8.8347 ms
h 1 524288 256 8.8238 ms
h 1 524288 512 8.8140 ms
h 1 1048576 16 8.8683 ms
h 1 1048576 32 8.8563 ms
h 1 1048576 64 8.8383 ms
h 1 1048576 128 8.8255 ms
h 1 1048576 256 8.8130 ms
h 1 1048576 512 8.8066 ms
h 12 65536 16 8.8935 ms
h 12 65536 32 8.8849 ms
h 12 65536 64 8.8755 ms
h 12 65536 128 8.8587 ms
h 12 65536 256 8.8595 ms
h 12 65536 512 8.8486 ms
h 12 131072 16 8.8819 ms
h 12 131072 32 8.8824 ms
h 12 131072 64 8.8814 ms
h 12 131072 128 8.8756 ms
h 12 131072 256 8.8674 ms
h 12 131072 512 8.8624 ms
h 12 262144 16 8.8929 ms
h 12 262144 32 8.8889 ms
h 12 262144 64 8.8767 ms
h 12 262144 128 8.8645 ms
h 12 262144 256 8.8591 ms
h 12 262144 512 8.8548 ms
h 12 524288 16 8.8868 ms
h 12 524288 32 8.8801 ms
h 12 524288 64 8.8777 ms
h 12 524288 128 8.8683 ms
h 12 524288 256 8.8671 ms
h 12 524288 512 8.8595 ms
h 12 1048576 16 8.9026 ms
h 12 1048576 32 8.8835 ms
h 12 1048576 64 8.8781 ms
h 12 1048576 128 8.8710 ms
h 12 1048576 256 8.8658 ms
h 12 1048576 512 8.8554 ms
h 24 65536 16 8.8718 ms
h 24 65536 32 8.8691 ms
h 24 65536 64 8.8613 ms
h 24 65536 128 8.8499 ms
h 24 65536 256 8.8465 ms
h 24 65536 512 8.8422 ms
h 24 131072 16 8.8853 ms
h 24 131072 32 8.8714 ms
h 24 131072 64 8.8552 ms
h 24 131072 128 8.8479 ms
h 24 131072 256 8.8487 ms
h 24 131072 512 8.8479 ms
h 24 262144 16 8.8829 ms
h 24 262144 32 8.8654 ms
h 24 262144 64 8.8595 ms
h 24 262144 128 8.8446 ms
h 24 262144 256 8.8440 ms
h 24 262144 512 8.8409 ms
h 24 524288 16 8.8789 ms
h 24 524288 32 8.8664 ms
h 24 524288 64 8.8502 ms
h 24 524288 128 8.8430 ms
h 24 524288 256 8.8301 ms
h 24 524288 512 8.8298 ms
h 24 1048576 16 8.8710 ms
h 24 1048576 32 8.8717 ms
h 24 1048576 64 8.8597 ms
h 24 1048576 128 8.8508 ms
h 24 1048576 256 8.8490 ms
h 24 1048576 512 8.8410 ms
zdiag 1 65536 16 8.8717 ms
zdiag 1 65536 32 8.8525 ms
zdiag 1 65536 64 8.8477 ms
zdiag 1 65536 128 8.8342 ms
zdiag 1 65536 256 8.8153 ms
zdiag 1 65536 512 8.7973 ms
zdiag 1 131072 16 8.8728 ms
zdiag 1 131072 32 8.8393 ms
zdiag 1 131072 64 8.8331 ms
zdiag 1 131072 128 8.8286 ms
zdiag 1 131072 256 8.8141 ms
zdiag 1 131072 512 8.8038 ms
zdiag 1 262144 16 8.8642 ms
zdiag 1 262144 32 8.8449 ms
zdiag 1 262144 64 8.8305 ms
zdiag 1 262144 128 8.8258 ms
zdiag 1 262144 256 8.8115 ms
zdiag 1 262144 512 8.8143 ms
zdiag 1 524288 16 8.8672 ms
zdiag 1 524288 32 8.8375 ms
zdiag 1 524288 64 8.8270 ms
zdiag 1 524288 128 8.8155 ms
zdiag 1 524288 256 8.8123 ms
zdiag 1 524288 512 8.8096 ms
zdiag 1 1048576 16 8.8756 ms
zdiag 1 1048576 32 8.8471 ms
zdiag 1 1048576 64 8.8297 ms
zdiag 1 1048576 128 8.8284 ms
zdiag 1 1048576 256 8.8081 ms
zdiag 1 1048576 512 8.8076 ms
zdiag 12 65536 16 8.8167 ms
zdiag 12 65536 32 8.8185 ms
zdiag 12 65536 64 8.8270 ms
zdiag 12 65536 128 8.8650 ms
zdiag 12 65536 256 9.4570 ms
zdiag 12 65536 512 9.4819 ms
zdiag 12 131072 16 8.8125 ms
zdiag 12 131072 32 8.8358 ms
zdiag 12 131072 64 8.8394 ms
zdiag 12 131072 128 8.8678 ms
zdiag 12 131072 256 9.3388 ms
zdiag 12 131072 512 9.5316 ms
zdiag 12 262144 16 8.8154 ms
zdiag 12 262144 32 8.8346 ms
zdiag 12 262144 64 8.8445 ms
zdiag 12 262144 128 8.8546 ms
zdiag 12 262144 256 9.4054 ms
zdiag 12 262144 512 9.3670 ms
zdiag 12 524288 16 8.8056 ms
zdiag 12 524288 32 8.8125 ms
zdiag 12 524288 64 8.8305 ms
zdiag 12 524288 128 8.8456 ms
zdiag 12 524288 256 9.3677 ms
zdiag 12 524288 512 9.6501 ms
zdiag 12 1048576 16 8.8335 ms
zdiag 12 1048576 32 8.8276 ms
zdiag 12 1048576 64 8.8318 ms
zdiag 12 1048576 128 8.8639 ms
zdiag 12 1048576 256 9.4495 ms
zdiag 12 1048576 512 9.4311 ms
zdiag 24 65536 16 21.367 ms
zdiag 24 65536 32 21.381 ms
zdiag 24 65536 64 21.238 ms
zdiag 24 65536 128 21.410 ms
zdiag 24 65536 256 21.281 ms
zdiag 24 65536 512 21.277 ms
zdiag 24 131072 16 21.432 ms
zdiag 24 131072 32 21.320 ms
zdiag 24 131072 64 21.359 ms
zdiag 24 131072 128 21.353 ms
zdiag 24 131072 256 21.318 ms
zdiag 24 131072 512 21.390 ms
zdiag 24 262144 16 21.249 ms
zdiag 24 262144 32 21.384 ms
zdiag 24 262144 64 21.495 ms
zdiag 24 262144 128 21.301 ms
zdiag 24 262144 256 21.449 ms
zdiag 24 262144 512 21.371 ms
zdiag 24 524288 16 21.411 ms
zdiag 24 524288 32 21.291 ms
zdiag 24 524288 64 21.312 ms
zdiag 24 524288 128 21.360 ms
zdiag 24 524288 256 21.375 ms
zdiag 24 524288 512 21.389 ms
zdiag 24 1048576 16 21.355 ms
zdiag 24 1048576 32 21.275 ms
zdiag 24 1048576 64 21.360 ms
zdiag 24 1048576 128 21.354 ms
zdiag 24 1048576 256 21.330 ms
zdiag 24 1048576 512 21.334 ms
cnot 1 65536 16 10.567 ms
cnot 1 65536 32 10.572 ms
cnot 1 65536 64 10.538 ms
cnot 1 65536 128 10.526 ms
cnot 1 65536 256 10.514 ms
cnot 1 65536 512 10.513 ms
cnot 1 131072 16 10.563 ms
cnot 1 131072 32 10.556 ms
cnot 1 131072 64 10.527 ms
cnot 1 131072 128 10.513 ms
cnot 1 131072 256 10.499 ms
cnot 1 131072 512 10.471 ms
cnot 1 262144 16 10.556 ms
cnot 1 262144 32 10.538 ms
cnot 1 262144 64 10.518 ms
cnot 1 262144 128 10.511 ms
cnot 1 262144 256 10.499 ms
cnot 1 262144 512 10.487 ms
cnot 1 524288 16 10.558 ms
cnot 1 524288 32 10.542 ms
cnot 1 524288 64 10.540 ms
cnot 1 524288 128 10.515 ms
cnot 1 524288 256 10.519 ms
cnot 1 524288 512 10.500 ms
cnot 1 1048576 16 10.561 ms
cnot 1 1048576 32 10.543 ms
cnot 1 1048576 64 10.536 ms
cnot 1 1048576 128 10.518 ms
cnot 1 1048576 256 10.517 ms
cnot 1 1048576 512 10.502 ms
cnot 12 65536 16 4.1844 ms
cnot 12 65536 32 4.1830 ms
cnot 12 65536 64 4.1878 ms
cnot 12 65536 128 4.2068 ms
cnot 12 65536 256 4.5454 ms
cnot 12 65536 512 4.7946 ms
cnot 12 131072 16 4.1886 ms
cnot 12 131072 32 4.1713 ms
cnot 12 131072 64 4.1806 ms
cnot 12 131072 128 4.2160 ms
cnot 12 131072 256 4.5824 ms
cnot 12 131072 512 4.8223 ms
cnot 12 262144 16 4.1715 ms
cnot 12 262144 32 4.1886 ms
cnot 12 262144 64 4.1957 ms
cnot 12 262144 128 4.2134 ms
cnot 12 262144 256 4.5513 ms
cnot 12 262144 512 4.7656 ms
cnot 12 524288 16 4.1786 ms
cnot 12 524288 32 4.1771 ms
cnot 12 524288 64 4.1840 ms
cnot 12 524288 128 4.2094 ms
cnot 12 524288 256 4.5513 ms
cnot 12 524288 512 4.9178 ms
cnot 12 1048576 16 4.1743 ms
cnot 12 1048576 32 4.1728 ms
cnot 12 1048576 64 4.1940 ms
cnot 12 1048576 128 4.1983 ms
cnot 12 1048576 256 4.5781 ms
cnot 12 1048576 512 4.7907 ms
cnot 24 65536 16 10.380 ms
cnot 24 65536 32 10.570 ms
cnot 24 65536 64 10.422 ms
cnot 24 65536 128 10.355 ms
cnot 24 65536 256 10.580 ms
cnot 24 65536 512 10.640 ms
cnot 24 131072 16 10.591 ms
cnot 24 131072 32 10.525 ms
cnot 24 131072 64 10.452 ms
cnot 24 131072 128 10.603 ms
cnot 24 131072 256 10.613 ms
cnot 24 131072 512 10.372 ms
cnot 24 262144 16 10.380 ms
cnot 24 262144 32 10.530 ms
cnot 24 262144 64 10.511 ms
cnot 24 262144 128 10.400 ms
cnot 24 262144 256 10.450 ms
cnot 24 262144 512 10.401 ms
cnot 24 524288 16 10.397 ms
cnot 24 524288 32 10.321 ms
cnot 24 524288 64 10.561 ms
cnot 24 524288 128 10.446 ms
cnot 24 524288 256 10.396 ms
cnot 24 524288 512 10.471 ms
cnot 24 1048576 16 10.428 ms
cnot 24 1048576 32 10.405 ms
cnot 24 1048576 64 10.432 ms
cnot 24 1048576 128 10.444 ms
cnot 24 1048576 256 10.483 ms
cnot 24 1048576 512 10.411 ms
cphase 1 65536 16 8.8199 ms
cphase 1 65536 32 8.8341 ms
cphase 1 65536 64 8.8333 ms
cphase 1 65536 128 8.8266 ms
cphase 1 65536 256 8.8149 ms
cphase 1 65536 512 8.8012 ms
cphase 1 131072 16 8.8655 ms
cphase 1 131072 32 8.8662 ms
cphase 1 131072 64 8.8502 ms
cphase 1 131072 128 8.8339 ms
cphase 1 131072 256 8.8064 ms
cphase 1 131072 512 8.8185 ms
cphase 1 262144 16 8.8759 ms
cphase 1 262144 32 8.8420 ms
cphase 1 262144 64 8.8291 ms
cphase 1 262144 128 8.8152 ms
cphase 1 262144 256 8.8011 ms
cphase 1 262144 512 8.8042 ms
cphase 1 524288 16 8.8667 ms
cphase 1 524288 32 8.8499 ms
cphase 1 524288 64 8.8300 ms
cphase 1 524288 128 8.8214 ms
cphase 1 524288 256 8.8181 ms
cphase 1 524288 512 8.8044 ms
cphase 1 1048576 16 8.8682 ms
cphase 1 1048576 32 8.8553 ms
cphase 1 1048576 64 8.8309 ms
cphase 1 1048576 128 8.8159 ms
cphase 1 1048576 256 8.8056 ms
cphase 1 1048576 512 8.7908 ms
cphase 12 65536 16 9.0872 ms
cphase 12 65536 32 9.0799 ms
cphase 12 65536 64 9.0973 ms
cphase 12 65536 128 9.0798 ms
cphase 12 65536 256 9.0633 ms
cphase 12 65536 512 9.0467 ms
cphase 12 131072 16 9.0932 ms
cphase 12 131072 32 9.1047 ms
cphase 12 131072 64 9.1076 ms
cphase 12 131072 128 9.0802 ms
cphase 12 131072 256 9.0491 ms
cphase 12 131072 512 9.0585 ms
cphase 12 262144 16 9.1209 ms
cphase 12 262144 32 9.0875 ms
cphase 12 262144 64 9.0809 ms
cphase 12 262144 128 9.0888 ms
cphase 12 262144 256 9.0736 ms
cphase 12 262144 512 9.0701 ms
cphase 12 524288 16 9.1269 ms
cphase 12 524288 32 9.0923 ms
cphase 12 524288 64 9.0834 ms
cphase 12 524288 128 9.0702 ms
cphase 12 524288 256 9.0781 ms
cphase 12 524288 512 9.0772 ms
cphase 12 1048576 16 9.0995 ms
cphase 12 1048576 32 9.1056 ms
cphase 12 1048576 64 9.0958 ms
cphase 12 1048576 128 9.0621 ms
cphase 12 1048576 256 9.0687 ms
cphase 12 1048576 512 9.0673 ms
cphase 24 65536 16 8.8386 ms
cphase 24 65536 32 8.8199 ms
cphase 24 65536 64 8.8172 ms
cphase 24 65536 128 8.8153 ms
cphase 24 65536 256 8.8151 ms
cphase 24 65536 512 8.7985 ms
cphase 24 131072 16 8.8463 ms
cphase 24 131072 32 8.8376 ms
cphase 24 131072 64 8.8225 ms
cphase 24 131072 128 8.8186 ms
cphase 24 131072 256 8.8593 ms
cphase 24 131072 512 8.8048 ms
cphase 24 262144 16 8.8436 ms
cphase 24 262144 32 8.8310 ms
cphase 24 262144 64 8.8400 ms
cphase 24 262144 128 8.8135 ms
cphase 24 262144 256 8.8112 ms
cphase 24 262144 512 8.7912 ms
cphase 24 524288 16 8.8557 ms
cphase 24 524288 32 8.8386 ms
cphase 24 524288 64 8.8274 ms
cphase 24 524288 128 8.8204 ms
cphase 24 524288 256 8.8118 ms
cphase 24 524288 512 8.8045 ms
cphase 24 1048576 16 8.8443 ms
cphase 24 1048576 32 8.8304 ms
cphase 24 1048576 64 8.8286 ms
cphase 24 1048576 128 8.8251 ms
cphase 24 1048576 256 8.8193 ms
cphase 24 1048576 512 8.8038 ms
